// Jest Snapshot v1, https://goo.gl/fbAQLP

exports[`DataTablesTabHelpers has a function called makeTheDataArray that grabs properties from the objects in the apis array and makes the array to send to the dtgTable component for the datatables tab 1`] = `
Array [
  Object {
    "description": "table 1 description",
    "name": "table 1",
    "rowCount": "9999",
    "rowDescription": "this row does this",
  },
  Object {
    "description": "table 2 description",
    "name": "table 2",
    "rowCount": "111",
    "rowDescription": "that row does that",
  },
]
`;
